FILE_CONSTANTS: {1,2,A,B,C},PREDICATE_MAP: {A: [A USE 2, A FILE_FACT 2, A FILE_FACT 2, A USE 2, A USE 2, A USE 2, A USE 2, ],B: [B DEF 2, ],C: [C DEF 2, C DEF 2, ],D: [D DEF 2, D DEF 2, ],}
