FILE_CONSTANTS: {A,B,C}
PREDICATES: {A Arity: 2, [DEF,FILE_FACT,FILE_FACT,USE,USE,USE]
B Arity: 2, [DEF]
C Arity: 2, [DEF]
E Arity: 2, [EDB_FACT,USE]
}
FILE RELATION: {[A]{(A,B)(B,C)}[B]{}[C]{}[E]{}}

