Wrong number of arguments in: TYPEOF('A,[Integer String]), expected: 1
