Different Arities for predicate symbol: A
Different Arities for predicate symbol: B
